// Vitest Snapshot v1, https://vitest.dev/guide/snapshot.html

exports[`Nomenclature — caractérisation (non-régression signageReferences) > produit EXACTEMENT le même contenu et les mêmes quantités qu'avant la migration (snapshot gelé) 1`] = `
[
  {
    "auditType": "Bornes P+R",
    "dimensions": "11x12,5cm",
    "id": "adbe1",
    "material": "Adhésif « P+r-rustine-entree_2025-02-05 »",
    "name": ""cible" Information P+R",
    "quantity": 33,
    "repere": "1",
  },
  {
    "auditType": "Bornes P+R",
    "dimensions": "9x5cm",
    "id": "adbe2",
    "material": "Adhésif « P+r-rustine-ticket-P+r_2025-02-12 »",
    "name": "Information Ticket",
    "quantity": 33,
    "repere": "2",
  },
  {
    "auditType": "Bornes P+R",
    "dimensions": "9x5cm",
    "id": "adbs2",
    "material": "Adhésif « P+r-rustine-ticket-P+r_2025-02-12 »",
    "name": "Information Ticket",
    "quantity": 34,
    "repere": "2",
  },
  {
    "auditType": "Bornes P+R",
    "dimensions": "34x8cm",
    "id": "adbe3",
    "material": "Adhésif « Tarifs + coordonnées Parc Relais » sur borne d’entrée ET sortie",
    "name": "Tarifs + coordonnées",
    "quantity": 34,
    "repere": "3",
  },
  {
    "auditType": "Bornes P+R",
    "dimensions": "11x12,5cm",
    "id": "adbs4",
    "material": "Adhésif « P+r-rustine-sortie-cible_2025-02-05 »",
    "name": ""cible" Information sortie",
    "quantity": 34,
    "repere": "4",
  },
  {
    "auditType": "Bornes P+R",
    "dimensions": "99x115mm",
    "id": "adbs5",
    "material": "Adhésif borne sortie "Bulle" uniquement sur borne sortie",
    "name": "Adhésif borne sortie "Bulle"",
    "quantity": 34,
    "repere": "5",
  },
  {
    "auditType": "Bornes P+R",
    "dimensions": "10,5x12,9cm",
    "id": "adca6",
    "material": "Adhésif « caisse-P+r-gauche-rustine _ 2025-02-05 »",
    "name": "Information caisse",
    "quantity": 10,
    "repere": "6",
  },
  {
    "auditType": "Bornes P+R",
    "dimensions": "8,2x5,5cm",
    "id": "adca7",
    "material": "Adhésif « caisse-P+r-gauche-rustine-ticket-P+r_ 2025-02-14 »",
    "name": "Récupération ticket",
    "quantity": 10,
    "repere": "7",
  },
  {
    "auditType": "Bornes P+R",
    "dimensions": "14,9x10,9cm",
    "id": "adca8",
    "material": "Fiche « adhesif-ticket-rechargeable-p+r-caisse_120x80mm_2025-02-07 »",
    "name": "Ticket rechargeable",
    "quantity": 10,
    "repere": "8",
  },
  {
    "auditType": "Bornes P+R",
    "dimensions": "34x8cm",
    "id": "adca9",
    "material": "Adhésif « Tarifs + coordonnées Parc Relais » sur borne d’entrée",
    "name": "Adhésif « Tarifs + coordonnées Parc Relais »",
    "quantity": 10,
    "repere": "9",
  },
  {
    "auditType": "Bornes P+R",
    "dimensions": "32,8x45,1cm",
    "id": "adbe10",
    "material": "Adhésif « Sticker-borne-P+R-entree-A3_ »",
    "name": "Information latérale",
    "quantity": 33,
    "repere": "10",
  },
  {
    "auditType": "Bornes P+R",
    "dimensions": "32,8x45,1cm",
    "id": "adbs11",
    "material": "Adhésif « Sticker-borne-P+R-sortie_A3_ »",
    "name": "Information latérale",
    "quantity": 34,
    "repere": "11",
  },
  {
    "auditType": "Bornes P+R",
    "dimensions": "",
    "id": "adca13",
    "material": "Dos gris au format 78x120cm",
    "name": "Dos gris verso",
    "quantity": 10,
    "repere": "",
  },
  {
    "auditType": "Bornes P+R",
    "dimensions": "",
    "id": "adca12",
    "material": "Fiche plan de quartier au format 78x120cm",
    "name": "Plan de quartier",
    "quantity": 10,
    "repere": "",
  },
  {
    "auditType": "DAT",
    "dimensions": "Dimensions: 95x5,8cm",
    "id": "ad1",
    "material": "Localisation: En haut de la niche bleue, en butée basse avant le renfoncement.",
    "name": "Adhésif « Achat et rechargement »",
    "quantity": 172,
    "repere": "1",
  },
  {
    "auditType": "DAT",
    "dimensions": "Dimensions: 2,5x2,5cm",
    "id": "ad2",
    "material": "Localisation: Au dessus du bouton d’action lié, centré sur celui-ci.",
    "name": "Adhésif « bouton-audio »",
    "quantity": 172,
    "repere": "2",
  },
  {
    "auditType": "DAT",
    "dimensions": "Dimensions: 25,3x22cm",
    "id": "ad3",
    "material": "Localisation: Au dessus de la platine Carte Bancaire, en butée avec celle-ci.",
    "name": "Adhésif « Rechargement + paiement CB »",
    "quantity": 172,
    "repere": "3",
  },
  {
    "auditType": "DAT",
    "dimensions": "Dimensions: 21,5x22cm",
    "id": "ad4",
    "material": "Localisation: Au dessus de la platine insert monnaie, en butée avec celle-ci.",
    "name": "Adhésif « paiement monnaie »",
    "quantity": 172,
    "repere": "4",
  },
  {
    "auditType": "DAT",
    "dimensions": "Dimensions: 12,2x10cm",
    "id": "ad5",
    "material": "Localisation: A droite du lecteur sans contact, la flèche de l’adhésif doit pointer vers le lecteur.",
    "name": "Adhésif « paiement sans-contact »",
    "quantity": 172,
    "repere": "5",
  },
  {
    "auditType": "DAT",
    "dimensions": "Dimensions: 20,5x16cm",
    "id": "ad6",
    "material": "Localisation: Au dessus de la trappe rendu monnaie, en butée avec celle-ci et centrée par rapport à celle-ci.",
    "name": "Adhésif « tickets-reçus rendu-monnaie »",
    "quantity": 172,
    "repere": "6",
  },
  {
    "auditType": "DAT",
    "dimensions": "Dimensions: 4,9x4,9cm",
    "id": "ad7",
    "material": "Localisation: Sur le lecteur carte Pastel.",
    "name": "Adhésif « carte pastel »",
    "quantity": 172,
    "repere": "7",
  },
  {
    "auditType": "DAT",
    "dimensions": "Dimensions: 36x15cm",
    "id": "ad8",
    "material": "Localisation: Dans le support dédié (Voir focus page 7).",
    "name": "Fiche « Tarif »",
    "quantity": 172,
    "repere": "8",
  },
  {
    "auditType": "DAT",
    "dimensions": "",
    "id": "ad9",
    "material": "Localisation: Dans l’angle gauche de la partie grise au dessus du bandeau « Achat + rechargement » (Voir focus page 8).",
    "name": "« Numéro » du DAT",
    "quantity": 172,
    "repere": "9",
  },
  {
    "auditType": "DAT",
    "dimensions": "Dimensions: 24x52cm",
    "id": "ad10",
    "material": "Localisation: A droite et au dessus de l’appel d’urgence (focus en page 9).",
    "name": "Adhésif « Validation avec carte bancaire » + QR_Code",
    "quantity": 172,
    "repere": "10",
  },
  {
    "auditType": "DAT",
    "dimensions": "Dimensions: 214x306mm",
    "id": "ad11",
    "material": "Localisation: A droite, entoure le bouton d’appel d’urgence (focus en page 9).",
    "name": "Adhésif « Appel d’urgence. Tous abus sera puni »",
    "quantity": 172,
    "repere": "11",
  },
  {
    "auditType": "DAT",
    "dimensions": "Dimensions: 3,7x5,4cm",
    "id": "ad12",
    "material": "Localisation: Immédiatement au dessus du bouton « Appel d’urgence » (focus en page 9).",
    "name": "Adhésif « Appel d’urgence + braille»",
    "quantity": 172,
    "repere": "12",
  },
  {
    "auditType": "Équipements",
    "dimensions": "80 x 29 cm",
    "id": "sign-bandeau",
    "material": "Aluminium + façade",
    "name": "Bandeau de station",
    "quantity": 56,
    "repere": "-",
  },
  {
    "auditType": "Équipements",
    "dimensions": "Variable",
    "id": "sign-biv",
    "material": "Écran dynamique",
    "name": "BIV (écran dynamique)",
    "quantity": 56,
    "repere": "-",
  },
  {
    "auditType": "Équipements",
    "dimensions": "Variable",
    "id": "sign-hap",
    "material": "Papier",
    "name": "HAP (fiche horaire)",
    "quantity": 56,
    "repere": "-",
  },
  {
    "auditType": "Équipements",
    "dimensions": "83 x 100 cm",
    "id": "sign-plan-quartier",
    "material": "Vinyle",
    "name": "Plan de quartier",
    "quantity": 58,
    "repere": "-",
  },
  {
    "auditType": "Équipements",
    "dimensions": "80 x 100 cm",
    "id": "sign-plan-reseau",
    "material": "Vinyle",
    "name": "Plan du réseau",
    "quantity": 58,
    "repere": "-",
  },
  {
    "auditType": "Équipements",
    "dimensions": "61,6 x 91,6 cm",
    "id": "sign-totem",
    "material": "Aluminium + façade",
    "name": "Totem",
    "quantity": 56,
    "repere": "-",
  },
  {
    "auditType": "Picto. Cognitifs",
    "dimensions": "74.5x97cm",
    "id": "cog-picto-74.5x97cm",
    "material": "Vinyle + Plastification",
    "name": "Pictogramme cognitif",
    "quantity": 63,
    "repere": "-",
  },
  {
    "auditType": "Picto. Cognitifs",
    "dimensions": "74.5x67.5cm",
    "id": "cog-picto-74.5x67.5cm",
    "material": "Vinyle + Plastification",
    "name": "Pictogramme cognitif",
    "quantity": 1,
    "repere": "-",
  },
  {
    "auditType": "Picto. Cognitifs",
    "dimensions": "74.5x71cm",
    "id": "cog-picto-74.5x71cm",
    "material": "Vinyle + Plastification",
    "name": "Pictogramme cognitif",
    "quantity": 1,
    "repere": "-",
  },
  {
    "auditType": "Picto. Cognitifs",
    "dimensions": "74.5x74cm",
    "id": "cog-picto-74.5x74cm",
    "material": "Vinyle + Plastification",
    "name": "Pictogramme cognitif",
    "quantity": 3,
    "repere": "-",
  },
  {
    "auditType": "Picto. Cognitifs",
    "dimensions": "80x80cm (Totem)",
    "id": "cog-picto-80x80cm (Totem)",
    "material": "Vinyle + Plastification",
    "name": "Pictogramme cognitif",
    "quantity": 1,
    "repere": "-",
  },
  {
    "auditType": "PMR au Sol",
    "dimensions": "920x370mm",
    "id": "pmr-sol-Vinyle-WALL-colle-renforc-e---plastification-sol-Ultra-Protect",
    "material": "Vinyle WALL colle renforcée + plastification sol Ultra Protect",
    "name": "Adhésif de signalisation au sol",
    "quantity": 45,
    "repere": "-",
  },
  {
    "auditType": "PMR au Sol",
    "dimensions": "920x370mm",
    "id": "pmr-sol-Vinyle-WALL-colle-renforc-e---plastification-sol-traditionnelle",
    "material": "Vinyle WALL colle renforcée + plastification sol traditionnelle",
    "name": "Adhésif de signalisation au sol",
    "quantity": 45,
    "repere": "-",
  },
  {
    "auditType": "PMR au Sol",
    "dimensions": "920x370mm",
    "id": "pmr-sol-Adh-sif-renforc--bitume-dos-aluminium---plastification-sol-Ultra-Protect",
    "material": "Adhésif renforcé bitume dos aluminium + plastification sol Ultra Protect",
    "name": "Adhésif de signalisation au sol",
    "quantity": 45,
    "repere": "-",
  },
  {
    "auditType": "Valideurs (ECA)",
    "dimensions": "59x59mm",
    "id": "eca-1",
    "material": "Sur le support de validation. A la pose laisser la diode visible pour diagnostic.",
    "name": "Adhesif valideur-billetique-metro-cible",
    "quantity": 203,
    "repere": "1",
  },
  {
    "auditType": "Valideurs (ECA)",
    "dimensions": "164x170mm",
    "id": "eca-2",
    "material": "Autour du support de validation, format carré.",
    "name": "Adhesif gris valideur-billetique-metro-pastel",
    "quantity": 203,
    "repere": "2",
  },
  {
    "auditType": "Valideurs (ECA)",
    "dimensions": "183x183mm",
    "id": "eca-3",
    "material": "Sous la vitre en tête haute de l’ECA, vitrophanie.",
    "name": "Adhesif valideur-openpayment-metro",
    "quantity": 203,
    "repere": "3",
  },
  {
    "auditType": "Valideurs (ECA)",
    "dimensions": "170x195mm",
    "id": "eca-4",
    "material": "Sur platine jaune, autour du support de validation (spécifique PMR à bras).",
    "name": "Adhésif valideur-PMR-a-bras",
    "quantity": 6,
    "repere": "4",
  },
  {
    "auditType": "Valideurs (ECA)",
    "dimensions": "195x185mm",
    "id": "eca-5",
    "material": "Sur platine jaune, autour du support de validation (spécifique PMR à vantaux).",
    "name": "Adhésif valideur-PMRVantaux",
    "quantity": 38,
    "repere": "5",
  },
  {
    "auditType": "Valideurs (ECA)",
    "dimensions": "8x8cm",
    "id": "eca-6",
    "material": "Format carré bleu sur le bras de l’ECA (spécifique PMR à bras).",
    "name": "Adhésif valideur-portillon-PMR-bras",
    "quantity": 6,
    "repere": "6",
  },
  {
    "auditType": "Valideurs (ECA)",
    "dimensions": "8x8cm",
    "id": "eca-7",
    "material": "Format carré bleu sur le bras de l’ECA (spécifique PMR à vantaux).",
    "name": "Adhésif valideur-portillon-PMR-vantaux",
    "quantity": 38,
    "repere": "7",
  },
  {
    "auditType": "Valideurs (ECA)",
    "dimensions": "19x19cm",
    "id": "eca-8",
    "material": "Format carré bleu sur le bras de l’ECA (spécifique PMR à bras).",
    "name": "Adhesif valideurPMR-metro-Bagages",
    "quantity": 6,
    "repere": "8",
  },
  {
    "auditType": "Valideurs (ECA)",
    "dimensions": "19x19cm",
    "id": "eca-9",
    "material": "Format carré bleu sur le bras de l’ECA (spécifique PMR).",
    "name": "Adhesif valideurPMR-metro-Poussette",
    "quantity": 44,
    "repere": "9",
  },
  {
    "auditType": "Valideurs (ECA)",
    "dimensions": "19x19cm",
    "id": "eca-10",
    "material": "Format carré bleu sur le bras de l’ECA (spécifique PMR).",
    "name": "Adhesif valideurPMR-metro-UFR",
    "quantity": 44,
    "repere": "10",
  },
  {
    "auditType": "Valideurs (ECA)",
    "dimensions": "Adhésif identifiant unique de l’équipement",
    "id": "eca-11",
    "material": "Sur le capot supérieur ou latéral, visible par le personnel.",
    "name": "Adhésif identifiant (N° ECA)",
    "quantity": 303,
    "repere": "11",
  },
  {
    "auditType": "Valideurs (ECA)",
    "dimensions": "Flèche verte / Croix rouge lumineuse",
    "id": "eca-r-1",
    "material": "Sur les deux faces du vantail",
    "name": "Signalisation dynamique",
    "quantity": 7,
    "repere": "R1",
  },
]
`;
